Command line invocation:
    /Applications/Xcode_26.6.app/Contents/Developer/usr/bin/xcodebuild -project StillMe.xcodeproj -scheme StillMe -destination id=BA9128D4-18C1-4D81-8EB6-C9DEA307B16B -derivedDataPath build CODE_SIGNING_ALLOWED=NO build

Build settings from command line:
    CODE_SIGNING_ALLOWED = NO

--- xcodebuild: WARNING: Using the first of multiple matching destinations:
{ platform:iOS Simulator, arch:arm64, id:BA9128D4-18C1-4D81-8EB6-C9DEA307B16B, OS:26.2, name:iPhone 17 Pro Max }
{ platform:iOS Simulator, arch:x86_64, id:BA9128D4-18C1-4D81-8EB6-C9DEA307B16B, OS:26.2, name:iPhone 17 Pro Max }
ComputePackagePrebuildTargetDependencyGraph

Prepare packages

CreateBuildRequest

SendProjectDescription

CreateBuildOperation

ComputeTargetDependencyGraph
note: Building targets in dependency order
note: Target dependency graph (1 target)
    Target 'StillMe' in project 'StillMe' (no dependencies)

GatherProvisioningInputs

CreateBuildDescription

ExecuteExternalTool /Applications/Xcode_26.6.app/Contents/Developer/usr/bin/actool --print-asset-tag-combinations --output-format xml1 /Users/runner/work/doomcon/doomcon/stillme/ios/StillMe/Assets.xcassets

ExecuteExternalTool /Applications/Xcode_26.6.app/Contents/Developer/Toolchains/XcodeDefault.xctoolchain/usr/bin/clang -v -E -dM -isysroot /Applications/Xcode_26.6.app/Contents/Developer/Platforms/iPhoneSimulator.platform/Developer/SDKs/iPhoneSimulator26.5.sdk -x c -c /dev/null

ExecuteExternalTool /Applications/Xcode_26.6.app/Contents/Developer/usr/bin/actool --version --output-format xml1

ExecuteExternalTool /Applications/Xcode_26.6.app/Contents/Developer/Toolchains/XcodeDefault.xctoolchain/usr/bin/swiftc --version

ExecuteExternalTool /Applications/Xcode_26.6.app/Contents/Developer/Toolchains/XcodeDefault.xctoolchain/usr/bin/ld -version_details

Build description signature: 7a7362f80912359e8e58d31e28e2d261
Build description path: /Users/runner/work/doomcon/doomcon/stillme/ios/build/Build/Intermediates.noindex/XCBuildData/7a7362f80912359e8e58d31e28e2d261.xcbuilddata
CreateBuildDirectory /Users/runner/work/doomcon/doomcon/stillme/ios/build/Build/Products
    cd /Users/runner/work/doomcon/doomcon/stillme/ios/StillMe.xcodeproj
    builtin-create-build-directory /Users/runner/work/doomcon/doomcon/stillme/ios/build/Build/Products

CreateBuildDirectory /Users/runner/work/doomcon/doomcon/stillme/ios/build/Build/Intermediates.noindex
    cd /Users/runner/work/doomcon/doomcon/stillme/ios/StillMe.xcodeproj
    builtin-create-build-directory /Users/runner/work/doomcon/doomcon/stillme/ios/build/Build/Intermediates.noindex

ClangStatCache /Applications/Xcode_26.6.app/Contents/Developer/Toolchains/XcodeDefault.xctoolchain/usr/bin/clang-stat-cache /Applications/Xcode_26.6.app/Contents/Developer/Platforms/iPhoneSimulator.platform/Developer/SDKs/iPhoneSimulator26.5.sdk /Users/runner/work/doomcon/doomcon/stillme/ios/build/SDKStatCaches.noindex/iphonesimulator26.5-23F81a-688ef53f1462e2c8f657fdc38a81448ff45c64a1807a658693f2a61704f17a36.sdkstatcache
    cd /Users/runner/work/doomcon/doomcon/stillme/ios/StillMe.xcodeproj
    /Applications/Xcode_26.6.app/Contents/Developer/Toolchains/XcodeDefault.xctoolchain/usr/bin/clang-stat-cache /Applications/Xcode_26.6.app/Contents/Developer/Platforms/iPhoneSimulator.platform/Developer/SDKs/iPhoneSimulator26.5.sdk -o /Users/runner/work/doomcon/doomcon/stillme/ios/build/SDKStatCaches.noindex/iphonesimulator26.5-23F81a-688ef53f1462e2c8f657fdc38a81448ff45c64a1807a658693f2a61704f17a36.sdkstatcache

WriteAuxiliaryFile /Users/runner/work/doomcon/doomcon/stillme/ios/build/Build/Intermediates.noindex/StillMe.build/Debug-iphonesimulator/StillMe-4bb1317bd2bd8efe204b9053f249e99d-VFS-iphonesimulator/all-product-headers.yaml
    cd /Users/runner/work/doomcon/doomcon/stillme/ios/StillMe.xcodeproj
    write-file /Users/runner/work/doomcon/doomcon/stillme/ios/build/Build/Intermediates.noindex/StillMe.build/Debug-iphonesimulator/StillMe-4bb1317bd2bd8efe204b9053f249e99d-VFS-iphonesimulator/all-product-headers.yaml

CreateBuildDirectory /Users/runner/work/doomcon/doomcon/stillme/ios/build/Build/Products/Debug-iphonesimulator
    cd /Users/runner/work/doomcon/doomcon/stillme/ios/StillMe.xcodeproj
    builtin-create-build-directory /Users/runner/work/doomcon/doomcon/stillme/ios/build/Build/Products/Debug-iphonesimulator

CreateBuildDirectory /Users/runner/work/doomcon/doomcon/stillme/ios/build/Build/Intermediates.noindex/SwiftExplicitPrecompiledModules
    cd /Users/runner/work/doomcon/doomcon/stillme/ios/StillMe.xcodeproj
    builtin-create-build-directory /Users/runner/work/doomcon/doomcon/stillme/ios/build/Build/Intermediates.noindex/SwiftExplicitPrecompiledModules

CreateBuildDirectory /Users/runner/work/doomcon/doomcon/stillme/ios/build/Build/Intermediates.noindex/ExplicitPrecompiledModules
    cd /Users/runner/work/doomcon/doomcon/stillme/ios/StillMe.xcodeproj
    builtin-create-build-directory /Users/runner/work/doomcon/doomcon/stillme/ios/build/Build/Intermediates.noindex/ExplicitPrecompiledModules

CreateBuildDirectory /Users/runner/work/doomcon/doomcon/stillme/ios/build/Build/Intermediates.noindex/EagerLinkingTBDs/Debug-iphonesimulator
    cd /Users/runner/work/doomcon/doomcon/stillme/ios/StillMe.xcodeproj
    builtin-create-build-directory /Users/runner/work/doomcon/doomcon/stillme/ios/build/Build/Intermediates.noindex/EagerLinkingTBDs/Debug-iphonesimulator

WriteAuxiliaryFile /Users/runner/work/doomcon/doomcon/stillme/ios/build/Build/Intermediates.noindex/StillMe.build/Debug-iphonesimulator/StillMe.build/StillMe.hmap (in target 'StillMe' from project 'StillMe')
    cd /Users/runner/work/doomcon/doomcon/stillme/ios
    write-file /Users/runner/work/doomcon/doomcon/stillme/ios/build/Build/Intermediates.noindex/StillMe.build/Debug-iphonesimulator/StillMe.build/StillMe.hmap

WriteAuxiliaryFile /Users/runner/work/doomcon/doomcon/stillme/ios/build/Build/Intermediates.noindex/StillMe.build/Debug-iphonesimulator/StillMe.build/StillMe.DependencyStaticMetadataFileList (in target 'StillMe' from project 'StillMe')
    cd /Users/runner/work/doomcon/doomcon/stillme/ios
    write-file /Users/runner/work/doomcon/doomcon/stillme/ios/build/Build/Intermediates.noindex/StillMe.build/Debug-iphonesimulator/StillMe.build/StillMe.DependencyStaticMetadataFileList

WriteAuxiliaryFile /Users/runner/work/doomcon/doomcon/stillme/ios/build/Build/Intermediates.noindex/StillMe.build/Debug-iphonesimulator/StillMe.build/StillMe.DependencyMetadataFileList (in target 'StillMe' from project 'StillMe')
    cd /Users/runner/work/doomcon/doomcon/stillme/ios
    write-file /Users/runner/work/doomcon/doomcon/stillme/ios/build/Build/Intermediates.noindex/StillMe.build/Debug-iphonesimulator/StillMe.build/StillMe.DependencyMetadataFileList

WriteAuxiliaryFile /Users/runner/work/doomcon/doomcon/stillme/ios/build/Build/Intermediates.noindex/StillMe.build/Debug-iphonesimulator/StillMe.build/StillMe-project-headers.hmap (in target 'StillMe' from project 'StillMe')
    cd /Users/runner/work/doomcon/doomcon/stillme/ios
    write-file /Users/runner/work/doomcon/doomcon/stillme/ios/build/Build/Intermediates.noindex/StillMe.build/Debug-iphonesimulator/StillMe.build/StillMe-project-headers.hmap

WriteAuxiliaryFile /Users/runner/work/doomcon/doomcon/stillme/ios/build/Build/Intermediates.noindex/StillMe.build/Debug-iphonesimulator/StillMe.build/StillMe-own-target-headers.hmap (in target 'StillMe' from project 'StillMe')
    cd /Users/runner/work/doomcon/doomcon/stillme/ios
    write-file /Users/runner/work/doomcon/doomcon/stillme/ios/build/Build/Intermediates.noindex/StillMe.build/Debug-iphonesimulator/StillMe.build/StillMe-own-target-headers.hmap

WriteAuxiliaryFile /Users/runner/work/doomcon/doomcon/stillme/ios/build/Build/Intermediates.noindex/StillMe.build/Debug-iphonesimulator/StillMe.build/StillMe-generated-files.hmap (in target 'StillMe' from project 'StillMe')
    cd /Users/runner/work/doomcon/doomcon/stillme/ios
    write-file /Users/runner/work/doomcon/doomcon/stillme/ios/build/Build/Intermediates.noindex/StillMe.build/Debug-iphonesimulator/StillMe.build/StillMe-generated-files.hmap

WriteAuxiliaryFile /Users/runner/work/doomcon/doomcon/stillme/ios/build/Build/Intermediates.noindex/StillMe.build/Debug-iphonesimulator/StillMe.build/StillMe-all-target-headers.hmap (in target 'StillMe' from project 'StillMe')
    cd /Users/runner/work/doomcon/doomcon/stillme/ios
    write-file /Users/runner/work/doomcon/doomcon/stillme/ios/build/Build/Intermediates.noindex/StillMe.build/Debug-iphonesimulator/StillMe.build/StillMe-all-target-headers.hmap

WriteAuxiliaryFile /Users/runner/work/doomcon/doomcon/stillme/ios/build/Build/Intermediates.noindex/StillMe.build/Debug-iphonesimulator/StillMe.build/StillMe-all-non-framework-target-headers.hmap (in target 'StillMe' from project 'StillMe')
    cd /Users/runner/work/doomcon/doomcon/stillme/ios
    write-file /Users/runner/work/doomcon/doomcon/stillme/ios/build/Build/Intermediates.noindex/StillMe.build/Debug-iphonesimulator/StillMe.build/StillMe-all-non-framework-target-headers.hmap

WriteAuxiliaryFile /Users/runner/work/doomcon/doomcon/stillme/ios/build/Build/Intermediates.noindex/StillMe.build/Debug-iphonesimulator/StillMe.build/StillMe-DebugDylibPath-normal-arm64.txt (in target 'StillMe' from project 'StillMe')
    cd /Users/runner/work/doomcon/doomcon/stillme/ios
    write-file /Users/runner/work/doomcon/doomcon/stillme/ios/build/Build/Intermediates.noindex/StillMe.build/Debug-iphonesimulator/StillMe.build/StillMe-DebugDylibPath-normal-arm64.txt

WriteAuxiliaryFile /Users/runner/work/doomcon/doomcon/stillme/ios/build/Build/Intermediates.noindex/StillMe.build/Debug-iphonesimulator/StillMe.build/StillMe-DebugDylibInstallName-normal-arm64.txt (in target 'StillMe' from project 'StillMe')
    cd /Users/runner/work/doomcon/doomcon/stillme/ios
    write-file /Users/runner/work/doomcon/doomcon/stillme/ios/build/Build/Intermediates.noindex/StillMe.build/Debug-iphonesimulator/StillMe.build/StillMe-DebugDylibInstallName-normal-arm64.txt

WriteAuxiliaryFile /Users/runner/work/doomcon/doomcon/stillme/ios/build/Build/Intermediates.noindex/StillMe.build/Debug-iphonesimulator/StillMe.build/Objects-normal/arm64/StillMe_const_extract_protocols.json (in target 'StillMe' from project 'StillMe')
    cd /Users/runner/work/doomcon/doomcon/stillme/ios
    write-file /Users/runner/work/doomcon/doomcon/stillme/ios/build/Build/Intermediates.noindex/StillMe.build/Debug-iphonesimulator/StillMe.build/Objects-normal/arm64/StillMe_const_extract_protocols.json

WriteAuxiliaryFile /Users/runner/work/doomcon/doomcon/stillme/ios/build/Build/Intermediates.noindex/StillMe.build/Debug-iphonesimulator/StillMe.build/Objects-normal/arm64/StillMe.SwiftFileList (in target 'StillMe' from project 'StillMe')
    cd /Users/runner/work/doomcon/doomcon/stillme/ios
    write-file /Users/runner/work/doomcon/doomcon/stillme/ios/build/Build/Intermediates.noindex/StillMe.build/Debug-iphonesimulator/StillMe.build/Objects-normal/arm64/StillMe.SwiftFileList

WriteAuxiliaryFile /Users/runner/work/doomcon/doomcon/stillme/ios/build/Build/Intermediates.noindex/StillMe.build/Debug-iphonesimulator/StillMe.build/Objects-normal/arm64/StillMe.SwiftConstValuesFileList (in target 'StillMe' from project 'StillMe')
    cd /Users/runner/work/doomcon/doomcon/stillme/ios
    write-file /Users/runner/work/doomcon/doomcon/stillme/ios/build/Build/Intermediates.noindex/StillMe.build/Debug-iphonesimulator/StillMe.build/Objects-normal/arm64/StillMe.SwiftConstValuesFileList

WriteAuxiliaryFile /Users/runner/work/doomcon/doomcon/stillme/ios/build/Build/Intermediates.noindex/StillMe.build/Debug-iphonesimulator/StillMe.build/Objects-normal/arm64/StillMe.LinkFileList (in target 'StillMe' from project 'StillMe')
    cd /Users/runner/work/doomcon/doomcon/stillme/ios
    write-file /Users/runner/work/doomcon/doomcon/stillme/ios/build/Build/Intermediates.noindex/StillMe.build/Debug-iphonesimulator/StillMe.build/Objects-normal/arm64/StillMe.LinkFileList

WriteAuxiliaryFile /Users/runner/work/doomcon/doomcon/stillme/ios/build/Build/Intermediates.noindex/StillMe.build/Debug-iphonesimulator/StillMe.build/Objects-normal/arm64/StillMe-OutputFileMap.json (in target 'StillMe' from project 'StillMe')
    cd /Users/runner/work/doomcon/doomcon/stillme/ios
    write-file /Users/runner/work/doomcon/doomcon/stillme/ios/build/Build/Intermediates.noindex/StillMe.build/Debug-iphonesimulator/StillMe.build/Objects-normal/arm64/StillMe-OutputFileMap.json

MkDir /Users/runner/work/doomcon/doomcon/stillme/ios/build/Build/Products/Debug-iphonesimulator/StillMe.app (in target 'StillMe' from project 'StillMe')
    cd /Users/runner/work/doomcon/doomcon/stillme/ios
    /bin/mkdir -p /Users/runner/work/doomcon/doomcon/stillme/ios/build/Build/Products/Debug-iphonesimulator/StillMe.app

Ld /Users/runner/work/doomcon/doomcon/stillme/ios/build/Build/Products/Debug-iphonesimulator/StillMe.app/__preview.dylib normal (in target 'StillMe' from project 'StillMe')
    cd /Users/runner/work/doomcon/doomcon/stillme/ios
    /Applications/Xcode_26.6.app/Contents/Developer/Toolchains/XcodeDefault.xctoolchain/usr/bin/clang -Xlinker -reproducible -target arm64-apple-ios26.0-simulator -dynamiclib -isysroot /Applications/Xcode_26.6.app/Contents/Developer/Platforms/iPhoneSimulator.platform/Developer/SDKs/iPhoneSimulator26.5.sdk -O0 -L/Users/runner/work/doomcon/doomcon/stillme/ios/build/Build/Products/Debug-iphonesimulator -F/Users/runner/work/doomcon/doomcon/stillme/ios/build/Build/Products/Debug-iphonesimulator -install_name @rpath/StillMe.debug.dylib -Xlinker -dead_strip -rdynamic -Xlinker -no_deduplicate -Xlinker -objc_abi_version -Xlinker 2 -Xlinker -dependency_info -Xlinker /Users/runner/work/doomcon/doomcon/stillme/ios/build/Build/Intermediates.noindex/StillMe.build/Debug-iphonesimulator/StillMe.build/Objects-normal/arm64/StillMe_dependency_info.dat -o /Users/runner/work/doomcon/doomcon/stillme/ios/build/Build/Products/Debug-iphonesimulator/StillMe.app/__preview.dylib

MkDir /Users/runner/work/doomcon/doomcon/stillme/ios/build/Build/Intermediates.noindex/StillMe.build/Debug-iphonesimulator/StillMe.build/assetcatalog_output/unthinned (in target 'StillMe' from project 'StillMe')
    cd /Users/runner/work/doomcon/doomcon/stillme/ios
    /bin/mkdir -p /Users/runner/work/doomcon/doomcon/stillme/ios/build/Build/Intermediates.noindex/StillMe.build/Debug-iphonesimulator/StillMe.build/assetcatalog_output/unthinned

MkDir /Users/runner/work/doomcon/doomcon/stillme/ios/build/Build/Intermediates.noindex/StillMe.build/Debug-iphonesimulator/StillMe.build/assetcatalog_output/thinned (in target 'StillMe' from project 'StillMe')
    cd /Users/runner/work/doomcon/doomcon/stillme/ios
    /bin/mkdir -p /Users/runner/work/doomcon/doomcon/stillme/ios/build/Build/Intermediates.noindex/StillMe.build/Debug-iphonesimulator/StillMe.build/assetcatalog_output/thinned

GenerateAssetSymbols /Users/runner/work/doomcon/doomcon/stillme/ios/StillMe/Assets.xcassets (in target 'StillMe' from project 'StillMe')
    cd /Users/runner/work/doomcon/doomcon/stillme/ios
    /Applications/Xcode_26.6.app/Contents/Developer/usr/bin/actool /Users/runner/work/doomcon/doomcon/stillme/ios/StillMe/Assets.xcassets --compile /Users/runner/work/doomcon/doomcon/stillme/ios/build/Build/Products/Debug-iphonesimulator/StillMe.app --output-format human-readable-text --notices --warnings --export-dependency-info /Users/runner/work/doomcon/doomcon/stillme/ios/build/Build/Intermediates.noindex/StillMe.build/Debug-iphonesimulator/StillMe.build/assetcatalog_dependencies --output-partial-info-plist /Users/runner/work/doomcon/doomcon/stillme/ios/build/Build/Intermediates.noindex/StillMe.build/Debug-iphonesimulator/StillMe.build/assetcatalog_generated_info.plist --app-icon AppIcon --accent-color AccentColor --compress-pngs --enable-on-demand-resources YES --development-region en --target-device iphone --minimum-deployment-target 26.0 --platform iphonesimulator --bundle-identifier com.messagegabrielhere.stillme --generate-swift-asset-symbol-extensions NO --generate-swift-asset-symbols /Users/runner/work/doomcon/doomcon/stillme/ios/build/Build/Intermediates.noindex/StillMe.build/Debug-iphonesimulator/StillMe.build/DerivedSources/GeneratedAssetSymbols.swift --generate-objc-asset-symbols /Users/runner/work/doomcon/doomcon/stillme/ios/build/Build/Intermediates.noindex/StillMe.build/Debug-iphonesimulator/StillMe.build/DerivedSources/GeneratedAssetSymbols.h --generate-asset-symbol-index /Users/runner/work/doomcon/doomcon/stillme/ios/build/Build/Intermediates.noindex/StillMe.build/Debug-iphonesimulator/StillMe.build/DerivedSources/GeneratedAssetSymbols-Index.plist
/* com.apple.actool.compilation-results */
/Users/runner/work/doomcon/doomcon/stillme/ios/build/Build/Intermediates.noindex/StillMe.build/Debug-iphonesimulator/StillMe.build/DerivedSources/GeneratedAssetSymbols-Index.plist
/Users/runner/work/doomcon/doomcon/stillme/ios/build/Build/Intermediates.noindex/StillMe.build/Debug-iphonesimulator/StillMe.build/DerivedSources/GeneratedAssetSymbols.h
/Users/runner/work/doomcon/doomcon/stillme/ios/build/Build/Intermediates.noindex/StillMe.build/Debug-iphonesimulator/StillMe.build/DerivedSources/GeneratedAssetSymbols.swift


CpResource /Users/runner/work/doomcon/doomcon/stillme/ios/build/Build/Products/Debug-iphonesimulator/StillMe.app/PrivacyInfo.xcprivacy /Users/runner/work/doomcon/doomcon/stillme/ios/StillMe/PrivacyInfo.xcprivacy (in target 'StillMe' from project 'StillMe')
    cd /Users/runner/work/doomcon/doomcon/stillme/ios
    builtin-copy -exclude .DS_Store -exclude CVS -exclude .svn -exclude .git -exclude .hg -resolve-src-symlinks /Users/runner/work/doomcon/doomcon/stillme/ios/StillMe/PrivacyInfo.xcprivacy /Users/runner/work/doomcon/doomcon/stillme/ios/build/Build/Products/Debug-iphonesimulator/StillMe.app

CompileAssetCatalogVariant thinned /Users/runner/work/doomcon/doomcon/stillme/ios/build/Build/Products/Debug-iphonesimulator/StillMe.app /Users/runner/work/doomcon/doomcon/stillme/ios/StillMe/Assets.xcassets (in target 'StillMe' from project 'StillMe')
    cd /Users/runner/work/doomcon/doomcon/stillme/ios
    /Applications/Xcode_26.6.app/Contents/Developer/usr/bin/actool /Users/runner/work/doomcon/doomcon/stillme/ios/StillMe/Assets.xcassets --compile /Users/runner/work/doomcon/doomcon/stillme/ios/build/Build/Intermediates.noindex/StillMe.build/Debug-iphonesimulator/StillMe.build/assetcatalog_output/thinned --output-format human-readable-text --notices --warnings --export-dependency-info /Users/runner/work/doomcon/doomcon/stillme/ios/build/Build/Intermediates.noindex/StillMe.build/Debug-iphonesimulator/StillMe.build/assetcatalog_dependencies_thinned --output-partial-info-plist /Users/runner/work/doomcon/doomcon/stillme/ios/build/Build/Intermediates.noindex/StillMe.build/Debug-iphonesimulator/StillMe.build/assetcatalog_generated_info.plist_thinned --app-icon AppIcon --accent-color AccentColor --compress-pngs --enable-on-demand-resources YES --filter-for-thinning-device-configuration iPhone18,2 --filter-for-device-os-version 26.2 --development-region en --target-device iphone --minimum-deployment-target 26.0 --platform iphonesimulator
/* com.apple.actool.compilation-results */
/Users/runner/work/doomcon/doomcon/stillme/ios/build/Build/Intermediates.noindex/StillMe.build/Debug-iphonesimulator/StillMe.build/assetcatalog_generated_info.plist_thinned
/Users/runner/work/doomcon/doomcon/stillme/ios/build/Build/Intermediates.noindex/StillMe.build/Debug-iphonesimulator/StillMe.build/assetcatalog_output/thinned/AppIcon60x60@2x.png
/Users/runner/work/doomcon/doomcon/stillme/ios/build/Build/Intermediates.noindex/StillMe.build/Debug-iphonesimulator/StillMe.build/assetcatalog_output/thinned/AppIcon76x76@2x~ipad.png
/Users/runner/work/doomcon/doomcon/stillme/ios/build/Build/Intermediates.noindex/StillMe.build/Debug-iphonesimulator/StillMe.build/assetcatalog_output/thinned/Assets.car


SwiftDriver StillMe normal arm64 com.apple.xcode.tools.swift.compiler (in target 'StillMe' from project 'StillMe')
    cd /Users/runner/work/doomcon/doomcon/stillme/ios
    builtin-SwiftDriver -- /Applications/Xcode_26.6.app/Contents/Developer/Toolchains/XcodeDefault.xctoolchain/usr/bin/swiftc -module-name StillMe -Onone @/Users/runner/work/doomcon/doomcon/stillme/ios/build/Build/Intermediates.noindex/StillMe.build/Debug-iphonesimulator/StillMe.build/Objects-normal/arm64/StillMe.SwiftFileList -DDEBUG -enable-bare-slash-regex -enable-experimental-feature DebugDescriptionMacro -sdk /Applications/Xcode_26.6.app/Contents/Developer/Platforms/iPhoneSimulator.platform/Developer/SDKs/iPhoneSimulator26.5.sdk -target arm64-apple-ios26.0-simulator -g -module-cache-path /Users/runner/work/doomcon/doomcon/stillme/ios/build/ModuleCache.noindex -Xfrontend -serialize-debugging-options -enable-testing -index-store-path /Users/runner/work/doomcon/doomcon/stillme/ios/build/Index.noindex/DataStore -Xcc -D_LIBCPP_HARDENING_MODE\=_LIBCPP_HARDENING_MODE_DEBUG -swift-version 5 -I /Users/runner/work/doomcon/doomcon/stillme/ios/build/Build/Products/Debug-iphonesimulator -F /Users/runner/work/doomcon/doomcon/stillme/ios/build/Build/Products/Debug-iphonesimulator -c -j3 -enable-batch-mode -incremental -Xcc -ivfsstatcache -Xcc /Users/runner/work/doomcon/doomcon/stillme/ios/build/SDKStatCaches.noindex/iphonesimulator26.5-23F81a-688ef53f1462e2c8f657fdc38a81448ff45c64a1807a658693f2a61704f17a36.sdkstatcache -output-file-map /Users/runner/work/doomcon/doomcon/stillme/ios/build/Build/Intermediates.noindex/StillMe.build/Debug-iphonesimulator/StillMe.build/Objects-normal/arm64/StillMe-OutputFileMap.json -use-frontend-parseable-output -save-temps -no-color-diagnostics -explicit-module-build -module-cache-path /Users/runner/work/doomcon/doomcon/stillme/ios/build/Build/Intermediates.noindex/SwiftExplicitPrecompiledModules -clang-scanner-module-cache-path /Users/runner/work/doomcon/doomcon/stillme/ios/build/ModuleCache.noindex -sdk-module-cache-path /Users/runner/work/doomcon/doomcon/stillme/ios/build/ModuleCache.noindex -serialize-diagnostics -emit-dependencies -emit-module -emit-module-path /Users/runner/work/doomcon/doomcon/stillme/ios/build/Build/Intermediates.noindex/StillMe.build/Debug-iphonesimulator/StillMe.build/Objects-normal/arm64/StillMe.swiftmodule -validate-clang-modules-once -clang-build-session-file /Users/runner/work/doomcon/doomcon/stillme/ios/build/ModuleCache.noindex/Session.modulevalidation -Xcc -I/Users/runner/work/doomcon/doomcon/stillme/ios/build/Build/Intermediates.noindex/StillMe.build/Debug-iphonesimulator/StillMe.build/swift-overrides.hmap -emit-const-values -Xfrontend -const-gather-protocols-file -Xfrontend /Users/runner/work/doomcon/doomcon/stillme/ios/build/Build/Intermediates.noindex/StillMe.build/Debug-iphonesimulator/StillMe.build/Objects-normal/arm64/StillMe_const_extract_protocols.json -Xcc -iquote -Xcc /Users/runner/work/doomcon/doomcon/stillme/ios/build/Build/Intermediates.noindex/StillMe.build/Debug-iphonesimulator/StillMe.build/StillMe-generated-files.hmap -Xcc -I/Users/runner/work/doomcon/doomcon/stillme/ios/build/Build/Intermediates.noindex/StillMe.build/Debug-iphonesimulator/StillMe.build/StillMe-own-target-headers.hmap -Xcc -I/Users/runner/work/doomcon/doomcon/stillme/ios/build/Build/Intermediates.noindex/StillMe.build/Debug-iphonesimulator/StillMe.build/StillMe-all-target-headers.hmap -Xcc -iquote -Xcc /Users/runner/work/doomcon/doomcon/stillme/ios/build/Build/Intermediates.noindex/StillMe.build/Debug-iphonesimulator/StillMe.build/StillMe-project-headers.hmap -Xcc -I/Users/runner/work/doomcon/doomcon/stillme/ios/build/Build/Products/Debug-iphonesimulator/include -Xcc -I/Users/runner/work/doomcon/doomcon/stillme/ios/build/Build/Intermediates.noindex/StillMe.build/Debug-iphonesimulator/StillMe.build/DerivedSources-normal/arm64 -Xcc -I/Users/runner/work/doomcon/doomcon/stillme/ios/build/Build/Intermediates.noindex/StillMe.build/Debug-iphonesimulator/StillMe.build/DerivedSources/arm64 -Xcc -I/Users/runner/work/doomcon/doomcon/stillme/ios/build/Build/Intermediates.noindex/StillMe.build/Debug-iphonesimulator/StillMe.build/DerivedSources -Xcc -DDEBUG\=1 -emit-objc-header -emit-objc-header-path /Users/runner/work/doomcon/doomcon/stillme/ios/build/Build/Intermediates.noindex/StillMe.build/Debug-iphonesimulator/StillMe.build/Objects-normal/arm64/StillMe-Swift.h -working-directory /Users/runner/work/doomcon/doomcon/stillme/ios -experimental-emit-module-separately -disable-cmo

SwiftExplicitDependencyGeneratePcm arm64 /Users/runner/work/doomcon/doomcon/stillme/ios/build/ModuleCache.noindex/_Builtin_float-1EPTT8B4UKOJ7WEVPYQ7CHJV0.pcm

SwiftExplicitDependencyGeneratePcm arm64 /Users/runner/work/doomcon/doomcon/stillme/ios/build/ModuleCache.noindex/_AvailabilityInternal-PP46RW81WBN0V3EZSKYY6RXC.pcm

SwiftExplicitDependencyGeneratePcm arm64 /Users/runner/work/doomcon/doomcon/stillme/ios/build/ModuleCache.noindex/_SwiftConcurrencyShims-1BDSFO114PXWXJ4141RRHF4GZ.pcm

SwiftExplicitDependencyGeneratePcm arm64 /Users/runner/work/doomcon/doomcon/stillme/ios/build/ModuleCache.noindex/_Builtin_stdbool-1EFA2RJNPY6JYELGO37I2M7CQ.pcm

SwiftExplicitDependencyGeneratePcm arm64 /Users/runner/work/doomcon/doomcon/stillme/ios/build/ModuleCache.noindex/_Builtin_stddef-6QDHW05U32ATKAGOV9RBD63BD.pcm

SwiftExplicitDependencyGeneratePcm arm64 /Users/runner/work/doomcon/doomcon/stillme/ios/build/ModuleCache.noindex/ptrcheck-96C3RAZCTF5YOXENXBC8SODBC.pcm

SwiftExplicitDependencyGeneratePcm arm64 /Users/runner/work/doomcon/doomcon/stillme/ios/build/ModuleCache.noindex/DeveloperToolsSupport-EE0L6PV8M7K004V38KIYWYENW.pcm

SwiftExplicitDependencyGeneratePcm arm64 /Users/runner/work/doomcon/doomcon/stillme/ios/build/ModuleCache.noindex/SwiftShims-BC1L6HN5GW7R5LUBP9B3UPP3H.pcm

SwiftExplicitDependencyGeneratePcm arm64 /Users/runner/work/doomcon/doomcon/stillme/ios/build/ModuleCache.noindex/_DarwinFoundation1-A5ED9IDQ47G7BFPDKX1SN0LEU.pcm

SwiftExplicitDependencyGeneratePcm arm64 /Users/runner/work/doomcon/doomcon/stillme/ios/build/ModuleCache.noindex/_Builtin_stdarg-5LMGD2LMGH30BVU4K5GKSF4M9.pcm

SwiftExplicitDependencyGeneratePcm arm64 /Users/runner/work/doomcon/doomcon/stillme/ios/build/ModuleCache.noindex/ptrauth-EYLBRUYHEPZ8BZU948GPGKIIQ.pcm

SwiftExplicitDependencyGeneratePcm arm64 /Users/runner/work/doomcon/doomcon/stillme/ios/build/ModuleCache.noindex/_Builtin_limits-2VE7KUBUSH1OKFF3DYV10879B.pcm

SwiftExplicitDependencyGeneratePcm arm64 /Users/runner/work/doomcon/doomcon/stillme/ios/build/ModuleCache.noindex/_DarwinFoundation2-4KTG1OJD4L721FCE7GPDQZUNR.pcm

SwiftExplicitDependencyGeneratePcm arm64 /Users/runner/work/doomcon/doomcon/stillme/ios/build/ModuleCache.noindex/_Builtin_tgmath-B163JIB5TNZEQC58CKAOADWYH.pcm

SwiftExplicitDependencyGeneratePcm arm64 /Users/runner/work/doomcon/doomcon/stillme/ios/build/ModuleCache.noindex/sys_types-90JC5VY2OS6ERGV0JQ9BGKB2.pcm

SwiftExplicitDependencyGeneratePcm arm64 /Users/runner/work/doomcon/doomcon/stillme/ios/build/ModuleCache.noindex/_Builtin_stdint-AAKFOYAOF54MVWTSS19N7XZAP.pcm

SwiftExplicitDependencyGeneratePcm arm64 /Users/runner/work/doomcon/doomcon/stillme/ios/build/ModuleCache.noindex/_Builtin_stdatomic-PQGIJIC0Y2MMP049X8RUS65N.pcm

SwiftExplicitDependencyGeneratePcm arm64 /Users/runner/work/doomcon/doomcon/stillme/ios/build/ModuleCache.noindex/_Builtin_intrinsics-2DOP1ZU7QK7UZJCPYFQ6XS5I6.pcm

SwiftExplicitDependencyGeneratePcm arm64 /Users/runner/work/doomcon/doomcon/stillme/ios/build/ModuleCache.noindex/_DarwinFoundation3-19DKM5JP5ORA710ORO4VQBM8B.pcm

SwiftExplicitDependencyGeneratePcm arm64 /Users/runner/work/doomcon/doomcon/stillme/ios/build/ModuleCache.noindex/CommonCrypto-50UYG719QCA2WNGTS18I42MI9.pcm

SwiftExplicitDependencyGeneratePcm arm64 /Users/runner/work/doomcon/doomcon/stillme/ios/build/ModuleCache.noindex/_Builtin_inttypes-O1KJ96VWU11MNV3ZJC6T7RNO.pcm

SwiftExplicitDependencyGeneratePcm arm64 /Users/runner/work/doomcon/doomcon/stillme/ios/build/ModuleCache.noindex/Darwin-1U88L8Y50PBJ4N4FDUB7ITUVS.pcm

SwiftExplicitDependencyGeneratePcm arm64 /Users/runner/work/doomcon/doomcon/stillme/ios/build/ModuleCache.noindex/simd-UOARKW1A1W0ZOVRZNVN4TLQ8.pcm

SwiftExplicitDependencyGeneratePcm arm64 /Users/runner/work/doomcon/doomcon/stillme/ios/build/ModuleCache.noindex/MachO-1XLUPRRNI7WK0X5870H7CXL4G.pcm

SwiftExplicitDependencyGeneratePcm arm64 /Users/runner/work/doomcon/doomcon/stillme/ios/build/ModuleCache.noindex/ObjectiveC-C232DLOYTXO00VXNVLD4XX0JI.pcm

SwiftExplicitDependencyGeneratePcm arm64 /Users/runner/work/doomcon/doomcon/stillme/ios/build/ModuleCache.noindex/os_object-2X7FXSJ2EI1O8KA2EDD8ZSAK1.pcm

SwiftExplicitDependencyGeneratePcm arm64 /Users/runner/work/doomcon/doomcon/stillme/ios/build/ModuleCache.noindex/Spatial-D6MYYACKIJA5CVWUTXEW26D6C.pcm

SwiftExplicitDependencyGeneratePcm arm64 /Users/runner/work/doomcon/doomcon/stillme/ios/build/ModuleCache.noindex/os_workgroup-CJ3MQ11OIH2EA9P71WPEG0NFX.pcm

SwiftExplicitDependencyGeneratePcm arm64 /Users/runner/work/doomcon/doomcon/stillme/ios/build/ModuleCache.noindex/Dispatch-DXPD627KUTV7VV4EW34U8TAG3.pcm

SwiftExplicitDependencyGeneratePcm arm64 /Users/runner/work/doomcon/doomcon/stillme/ios/build/ModuleCache.noindex/dnssd-3M72E6NVMY6L5RB9SXL413VUI.pcm

SwiftExplicitDependencyGeneratePcm arm64 /Users/runner/work/doomcon/doomcon/stillme/ios/build/ModuleCache.noindex/CoreFoundation-1B9W2AUOUVIVKQGC0QQQWFI0.pcm

SwiftExplicitDependencyGeneratePcm arm64 /Users/runner/work/doomcon/doomcon/stillme/ios/build/ModuleCache.noindex/XPC-A3YJUCBGD8N6GE37H5BZSJO3L.pcm

SwiftExplicitDependencyGeneratePcm arm64 /Users/runner/work/doomcon/doomcon/stillme/ios/build/ModuleCache.noindex/os-9J8809G82COK8B0QKFZZQGH2A.pcm

SwiftExplicitDependencyGeneratePcm arm64 /Users/runner/work/doomcon/doomcon/stillme/ios/build/ModuleCache.noindex/Security-2DTAJ1E5WHUGZ4HI1JBE2F629.pcm

SwiftExplicitDependencyGeneratePcm arm64 /Users/runner/work/doomcon/doomcon/stillme/ios/build/ModuleCache.noindex/CFNetwork-6OB4037Y7R8VG0BDS28WDLB9P.pcm

SwiftExplicitDependencyGeneratePcm arm64 /Users/runner/work/doomcon/doomcon/stillme/ios/build/ModuleCache.noindex/CoreAudioTypes-11HQK2Z4W8Q6XTLRZ1VVDM60Q.pcm

SwiftExplicitDependencyGeneratePcm arm64 /Users/runner/work/doomcon/doomcon/stillme/ios/build/ModuleCache.noindex/CoreGraphics-8N2HIKGH0Y3CNUNV5UZRR31T7.pcm

SwiftExplicitDependencyGeneratePcm arm64 /Users/runner/work/doomcon/doomcon/stillme/ios/build/ModuleCache.noindex/Foundation-6K6UXU7Z3TLRUS5HYIS65AFKY.pcm

SwiftExplicitDependencyGeneratePcm arm64 /Users/runner/work/doomcon/doomcon/stillme/ios/build/ModuleCache.noindex/CoreAudio-6PV5NUCGURCI9HOD6AMD7HMW4.pcm

SwiftExplicitDependencyGeneratePcm arm64 /Users/runner/work/doomcon/doomcon/stillme/ios/build/ModuleCache.noindex/ImageIO-3K8SQH9AJ4LX07HO0U5F41BXM.pcm

SwiftExplicitDependencyGeneratePcm arm64 /Users/runner/work/doomcon/doomcon/stillme/ios/build/ModuleCache.noindex/CoreText-3BQ0DA2JQ6KGWOVPK8KGRLEQQ.pcm

SwiftExplicitDependencyGeneratePcm arm64 /Users/runner/work/doomcon/doomcon/stillme/ios/build/ModuleCache.noindex/LocalAuthentication-BY04MPUC1GVCLBUV32UD24S0T.pcm

SwiftExplicitDependencyGeneratePcm arm64 /Users/runner/work/doomcon/doomcon/stillme/ios/build/ModuleCache.noindex/CoreMIDI-DCIEP5AEW91QMFY8NQ2OK1406.pcm

SwiftExplicitDependencyGeneratePcm arm64 /Users/runner/work/doomcon/doomcon/stillme/ios/build/ModuleCache.noindex/FileProvider-CR227DUYM3CBSEV3UGBHM316L.pcm

SwiftExplicitDependencyGeneratePcm arm64 /Users/runner/work/doomcon/doomcon/stillme/ios/build/ModuleCache.noindex/UserNotifications-5UDMHMV08J6EW6WBEXGZCDQGQ.pcm

SwiftExplicitDependencyGeneratePcm arm64 /Users/runner/work/doomcon/doomcon/stillme/ios/build/ModuleCache.noindex/Network-27QOT1F7WSENQVEPXKB4RX6GJ.pcm

SwiftExplicitDependencyGeneratePcm arm64 /Users/runner/work/doomcon/doomcon/stillme/ios/build/ModuleCache.noindex/CoreData-KKBASTPMHTVC6NCP00VQLFT2.pcm

SwiftExplicitDependencyGeneratePcm arm64 /Users/runner/work/doomcon/doomcon/stillme/ios/build/ModuleCache.noindex/CoreTransferable-6AYV7Z6I9KH08YPJQIVP6AGC2.pcm

SwiftExplicitDependencyGeneratePcm arm64 /Users/runner/work/doomcon/doomcon/stillme/ios/build/ModuleCache.noindex/OpenGLES-7GRU7QGSCWA65W4D4OYHDQLIS.pcm

SwiftExplicitDependencyGeneratePcm arm64 /Users/runner/work/doomcon/doomcon/stillme/ios/build/ModuleCache.noindex/AVRouting-AX672YRPQRH9695UWIQ7XZ21L.pcm

SwiftExplicitDependencyGeneratePcm arm64 /Users/runner/work/doomcon/doomcon/stillme/ios/build/ModuleCache.noindex/OSLog-66FAAPV53TLEI48QXOS7P82MV.pcm

SwiftExplicitDependencyGeneratePcm arm64 /Users/runner/work/doomcon/doomcon/stillme/ios/build/ModuleCache.noindex/Accessibility-6DBF7GDALJG7YWTVQTF0PVTSE.pcm

SwiftExplicitDependencyGeneratePcm arm64 /Users/runner/work/doomcon/doomcon/stillme/ios/build/ModuleCache.noindex/UniformTypeIdentifiers-QUPPPS8BZ2UC7ZIJ5ONA44Q3.pcm

SwiftExplicitDependencyGeneratePcm arm64 /Users/runner/work/doomcon/doomcon/stillme/ios/build/ModuleCache.noindex/DataDetection-9M2I4OQHNCJZO8I2YPGDCYYQ9.pcm

SwiftExplicitDependencyGeneratePcm arm64 /Users/runner/work/doomcon/doomcon/stillme/ios/build/ModuleCache.noindex/AudioToolbox-7TELQMZ8O8RGBNFM2LL5OMFBZ.pcm

SwiftExplicitDependencyGeneratePcm arm64 /Users/runner/work/doomcon/doomcon/stillme/ios/build/ModuleCache.noindex/IOSurface-EGO9ZUOGIWKPR9ACGJEOVWWOJ.pcm

SwiftExplicitDependencyGeneratePcm arm64 /Users/runner/work/doomcon/doomcon/stillme/ios/build/ModuleCache.noindex/Symbols-5WQ8Z53PGX80LZU5D9EFEHQNM.pcm

SwiftExplicitDependencyGeneratePcm arm64 /Users/runner/work/doomcon/doomcon/stillme/ios/build/ModuleCache.noindex/UIUtilities-EJRN5IRX0BLK14N7Q6BAYNP4X.pcm

SwiftExplicitDependencyGeneratePcm arm64 /Users/runner/work/doomcon/doomcon/stillme/ios/build/ModuleCache.noindex/Metal-9RIJK3N1QZVRG3R614P0GMPRR.pcm

LinkAssetCatalog /Users/runner/work/doomcon/doomcon/stillme/ios/StillMe/Assets.xcassets (in target 'StillMe' from project 'StillMe')
    cd /Users/runner/work/doomcon/doomcon/stillme/ios
    builtin-linkAssetCatalog --thinned /Users/runner/work/doomcon/doomcon/stillme/ios/build/Build/Intermediates.noindex/StillMe.build/Debug-iphonesimulator/StillMe.build/assetcatalog_output/thinned --thinned-dependencies /Users/runner/work/doomcon/doomcon/stillme/ios/build/Build/Intermediates.noindex/StillMe.build/Debug-iphonesimulator/StillMe.build/assetcatalog_dependencies_thinned --thinned-info-plist-content /Users/runner/work/doomcon/doomcon/stillme/ios/build/Build/Intermediates.noindex/StillMe.build/Debug-iphonesimulator/StillMe.build/assetcatalog_generated_info.plist_thinned --unthinned /Users/runner/work/doomcon/doomcon/stillme/ios/build/Build/Intermediates.noindex/StillMe.build/Debug-iphonesimulator/StillMe.build/assetcatalog_output/unthinned --unthinned-dependencies /Users/runner/work/doomcon/doomcon/stillme/ios/build/Build/Intermediates.noindex/StillMe.build/Debug-iphonesimulator/StillMe.build/assetcatalog_dependencies_unthinned --unthinned-info-plist-content /Users/runner/work/doomcon/doomcon/stillme/ios/build/Build/Intermediates.noindex/StillMe.build/Debug-iphonesimulator/StillMe.build/assetcatalog_generated_info.plist_unthinned --output /Users/runner/work/doomcon/doomcon/stillme/ios/build/Build/Products/Debug-iphonesimulator/StillMe.app --plist-output /Users/runner/work/doomcon/doomcon/stillme/ios/build/Build/Intermediates.noindex/StillMe.build/Debug-iphonesimulator/StillMe.build/assetcatalog_generated_info.plist
note: Emplaced /Users/runner/work/doomcon/doomcon/stillme/ios/build/Build/Products/Debug-iphonesimulator/StillMe.app/AppIcon76x76@2x~ipad.png (in target 'StillMe' from project 'StillMe')
note: Emplaced /Users/runner/work/doomcon/doomcon/stillme/ios/build/Build/Products/Debug-iphonesimulator/StillMe.app/AppIcon60x60@2x.png (in target 'StillMe' from project 'StillMe')
note: Emplaced /Users/runner/work/doomcon/doomcon/stillme/ios/build/Build/Products/Debug-iphonesimulator/StillMe.app/Assets.car (in target 'StillMe' from project 'StillMe')

ProcessInfoPlistFile /Users/runner/work/doomcon/doomcon/stillme/ios/build/Build/Products/Debug-iphonesimulator/StillMe.app/Info.plist /Users/runner/work/doomcon/doomcon/stillme/ios/StillMe/Info.plist (in target 'StillMe' from project 'StillMe')
    cd /Users/runner/work/doomcon/doomcon/stillme/ios
    builtin-infoPlistUtility /Users/runner/work/doomcon/doomcon/stillme/ios/StillMe/Info.plist -producttype com.apple.product-type.application -genpkginfo /Users/runner/work/doomcon/doomcon/stillme/ios/build/Build/Products/Debug-iphonesimulator/StillMe.app/PkgInfo -expandbuildsettings -format binary -platform iphonesimulator -additionalcontentfile /Users/runner/work/doomcon/doomcon/stillme/ios/build/Build/Intermediates.noindex/StillMe.build/Debug-iphonesimulator/StillMe.build/assetcatalog_generated_info.plist -o /Users/runner/work/doomcon/doomcon/stillme/ios/build/Build/Products/Debug-iphonesimulator/StillMe.app/Info.plist

SwiftExplicitDependencyGeneratePcm arm64 /Users/runner/work/doomcon/doomcon/stillme/ios/build/ModuleCache.noindex/CoreVideo-BOC4HJOIW16TOKL3FNMQUVA7F.pcm

SwiftExplicitDependencyGeneratePcm arm64 /Users/runner/work/doomcon/doomcon/stillme/ios/build/ModuleCache.noindex/CoreImage-C4CZ8FXUARAT9QG6JAN8NA7Q9.pcm

SwiftExplicitDependencyGeneratePcm arm64 /Users/runner/work/doomcon/doomcon/stillme/ios/build/ModuleCache.noindex/CoreMedia-50U8I2TSNGFD0YAGUVV6M64IG.pcm

SwiftExplicitDependencyGeneratePcm arm64 /Users/runner/work/doomcon/doomcon/stillme/ios/build/ModuleCache.noindex/QuartzCore-4A7PZCQDWPOBRTP4DLYCWDDQR.pcm

SwiftExplicitDependencyGeneratePcm arm64 /Users/runner/work/doomcon/doomcon/stillme/ios/build/ModuleCache.noindex/SwiftUICore-6EHHK2WWGNWNQHZDUW4983XH8.pcm

SwiftExplicitDependencyGeneratePcm arm64 /Users/runner/work/doomcon/doomcon/stillme/ios/build/ModuleCache.noindex/UIKit-61L8IH7YY2RHB780EMT3WZGPY.pcm

SwiftExplicitDependencyGeneratePcm arm64 /Users/runner/work/doomcon/doomcon/stillme/ios/build/ModuleCache.noindex/MediaToolbox-N0DC4QCQR2008R990I7ZNBL1.pcm

SwiftExplicitDependencyGeneratePcm arm64 /Users/runner/work/doomcon/doomcon/stillme/ios/build/ModuleCache.noindex/AVFAudio-659W30W64Y3SQH4RBLCJZ1V5R.pcm

SwiftExplicitDependencyGeneratePcm arm64 /Users/runner/work/doomcon/doomcon/stillme/ios/build/ModuleCache.noindex/AVFoundation-APJJMFJO32V2LRYME3Y6TA4N7.pcm

SwiftExplicitDependencyGeneratePcm arm64 /Users/runner/work/doomcon/doomcon/stillme/ios/build/ModuleCache.noindex/Speech-AGKIA1J6K6SY692OYDRGIJOPR.pcm

SwiftExplicitDependencyGeneratePcm arm64 /Users/runner/work/doomcon/doomcon/stillme/ios/build/ModuleCache.noindex/SwiftUI-2FI1ZQXYA4G1DVR49U661HKYK.pcm

SwiftEmitModule normal arm64 Emitting\ module\ for\ StillMe (in target 'StillMe' from project 'StillMe')

EmitSwiftModule normal arm64 (in target 'StillMe' from project 'StillMe')
    cd /Users/runner/work/doomcon/doomcon/stillme/ios
    

SwiftCompile normal arm64 Compiling\ LegacyView.swift,\ LifeViews.swift,\ MemoriesView.swift,\ MemoryEditor.swift,\ PersonaEngine.swift,\ RecipientViews.swift,\ RehearseView.swift /Users/runner/work/doomcon/doomcon/stillme/ios/StillMe/Views/LegacyView.swift /Users/runner/work/doomcon/doomcon/stillme/ios/StillMe/Views/LifeViews.swift /Users/runner/work/doomcon/doomcon/stillme/ios/StillMe/Views/MemoriesView.swift /Users/runner/work/doomcon/doomcon/stillme/ios/StillMe/Views/MemoryEditor.swift /Users/runner/work/doomcon/doomcon/stillme/ios/StillMe/Services/PersonaEngine.swift /Users/runner/work/doomcon/doomcon/stillme/ios/StillMe/Views/RecipientViews.swift /Users/runner/work/doomcon/doomcon/stillme/ios/StillMe/Views/RehearseView.swift (in target 'StillMe' from project 'StillMe')
SwiftCompile normal arm64 /Users/runner/work/doomcon/doomcon/stillme/ios/StillMe/Views/LegacyView.swift (in target 'StillMe' from project 'StillMe')
    cd /Users/runner/work/doomcon/doomcon/stillme/ios
    

SwiftCompile normal arm64 /Users/runner/work/doomcon/doomcon/stillme/ios/StillMe/Views/LifeViews.swift (in target 'StillMe' from project 'StillMe')
    cd /Users/runner/work/doomcon/doomcon/stillme/ios
    

SwiftCompile normal arm64 /Users/runner/work/doomcon/doomcon/stillme/ios/StillMe/Views/MemoriesView.swift (in target 'StillMe' from project 'StillMe')
    cd /Users/runner/work/doomcon/doomcon/stillme/ios
    

SwiftCompile normal arm64 /Users/runner/work/doomcon/doomcon/stillme/ios/StillMe/Views/MemoryEditor.swift (in target 'StillMe' from project 'StillMe')
    cd /Users/runner/work/doomcon/doomcon/stillme/ios
    

SwiftCompile normal arm64 /Users/runner/work/doomcon/doomcon/stillme/ios/StillMe/Services/PersonaEngine.swift (in target 'StillMe' from project 'StillMe')
    cd /Users/runner/work/doomcon/doomcon/stillme/ios
    

SwiftCompile normal arm64 /Users/runner/work/doomcon/doomcon/stillme/ios/StillMe/Views/RecipientViews.swift (in target 'StillMe' from project 'StillMe')
    cd /Users/runner/work/doomcon/doomcon/stillme/ios
    

SwiftCompile normal arm64 /Users/runner/work/doomcon/doomcon/stillme/ios/StillMe/Views/RehearseView.swift (in target 'StillMe' from project 'StillMe')
    cd /Users/runner/work/doomcon/doomcon/stillme/ios
    

SwiftCompile normal arm64 Compiling\ Archive.swift,\ ArchiveStore.swift,\ ChatView.swift,\ DemoData.swift,\ Depth.swift,\ InterviewPrompts.swift,\ InterviewView.swift,\ LegacySeal.swift /Users/runner/work/doomcon/doomcon/stillme/ios/StillMe/Models/Archive.swift /Users/runner/work/doomcon/doomcon/stillme/ios/StillMe/Services/ArchiveStore.swift /Users/runner/work/doomcon/doomcon/stillme/ios/StillMe/Views/ChatView.swift /Users/runner/work/doomcon/doomcon/stillme/ios/StillMe/DemoData.swift /Users/runner/work/doomcon/doomcon/stillme/ios/StillMe/Models/Depth.swift /Users/runner/work/doomcon/doomcon/stillme/ios/StillMe/Models/InterviewPrompts.swift /Users/runner/work/doomcon/doomcon/stillme/ios/StillMe/Views/InterviewView.swift /Users/runner/work/doomcon/doomcon/stillme/ios/StillMe/Services/LegacySeal.swift (in target 'StillMe' from project 'StillMe')
SwiftCompile normal arm64 /Users/runner/work/doomcon/doomcon/stillme/ios/StillMe/Models/Archive.swift (in target 'StillMe' from project 'StillMe')
    cd /Users/runner/work/doomcon/doomcon/stillme/ios
    

SwiftCompile normal arm64 /Users/runner/work/doomcon/doomcon/stillme/ios/StillMe/Services/ArchiveStore.swift (in target 'StillMe' from project 'StillMe')
    cd /Users/runner/work/doomcon/doomcon/stillme/ios
    

SwiftCompile normal arm64 /Users/runner/work/doomcon/doomcon/stillme/ios/StillMe/Views/ChatView.swift (in target 'StillMe' from project 'StillMe')
    cd /Users/runner/work/doomcon/doomcon/stillme/ios
    

SwiftCompile normal arm64 /Users/runner/work/doomcon/doomcon/stillme/ios/StillMe/DemoData.swift (in target 'StillMe' from project 'StillMe')
    cd /Users/runner/work/doomcon/doomcon/stillme/ios
    

SwiftCompile normal arm64 /Users/runner/work/doomcon/doomcon/stillme/ios/StillMe/Models/Depth.swift (in target 'StillMe' from project 'StillMe')
    cd /Users/runner/work/doomcon/doomcon/stillme/ios
    

SwiftCompile normal arm64 /Users/runner/work/doomcon/doomcon/stillme/ios/StillMe/Models/InterviewPrompts.swift (in target 'StillMe' from project 'StillMe')
    cd /Users/runner/work/doomcon/doomcon/stillme/ios
    

SwiftCompile normal arm64 /Users/runner/work/doomcon/doomcon/stillme/ios/StillMe/Views/InterviewView.swift (in target 'StillMe' from project 'StillMe')
    cd /Users/runner/work/doomcon/doomcon/stillme/ios
    

SwiftCompile normal arm64 /Users/runner/work/doomcon/doomcon/stillme/ios/StillMe/Services/LegacySeal.swift (in target 'StillMe' from project 'StillMe')
    cd /Users/runner/work/doomcon/doomcon/stillme/ios
    

SwiftCompile normal arm64 Compiling\ Reminders.swift,\ SpeechRecorder.swift,\ StillMeApp.swift,\ Theme.swift,\ WelcomeView.swift,\ YouView.swift,\ GeneratedAssetSymbols.swift /Users/runner/work/doomcon/doomcon/stillme/ios/StillMe/Services/Reminders.swift /Users/runner/work/doomcon/doomcon/stillme/ios/StillMe/Services/SpeechRecorder.swift /Users/runner/work/doomcon/doomcon/stillme/ios/StillMe/StillMeApp.swift /Users/runner/work/doomcon/doomcon/stillme/ios/StillMe/Theme.swift /Users/runner/work/doomcon/doomcon/stillme/ios/StillMe/Views/WelcomeView.swift /Users/runner/work/doomcon/doomcon/stillme/ios/StillMe/Views/YouView.swift /Users/runner/work/doomcon/doomcon/stillme/ios/build/Build/Intermediates.noindex/StillMe.build/Debug-iphonesimulator/StillMe.build/DerivedSources/GeneratedAssetSymbols.swift (in target 'StillMe' from project 'StillMe')

SwiftCompile normal arm64 /Users/runner/work/doomcon/doomcon/stillme/ios/StillMe/Services/Reminders.swift (in target 'StillMe' from project 'StillMe')
    cd /Users/runner/work/doomcon/doomcon/stillme/ios
    

SwiftCompile normal arm64 /Users/runner/work/doomcon/doomcon/stillme/ios/StillMe/Services/SpeechRecorder.swift (in target 'StillMe' from project 'StillMe')
    cd /Users/runner/work/doomcon/doomcon/stillme/ios
    

SwiftCompile normal arm64 /Users/runner/work/doomcon/doomcon/stillme/ios/StillMe/StillMeApp.swift (in target 'StillMe' from project 'StillMe')
    cd /Users/runner/work/doomcon/doomcon/stillme/ios
    

SwiftCompile normal arm64 /Users/runner/work/doomcon/doomcon/stillme/ios/StillMe/Theme.swift (in target 'StillMe' from project 'StillMe')
    cd /Users/runner/work/doomcon/doomcon/stillme/ios
    

SwiftCompile normal arm64 /Users/runner/work/doomcon/doomcon/stillme/ios/StillMe/Views/WelcomeView.swift (in target 'StillMe' from project 'StillMe')
    cd /Users/runner/work/doomcon/doomcon/stillme/ios
    

SwiftCompile normal arm64 /Users/runner/work/doomcon/doomcon/stillme/ios/StillMe/Views/YouView.swift (in target 'StillMe' from project 'StillMe')
    cd /Users/runner/work/doomcon/doomcon/stillme/ios
    

SwiftCompile normal arm64 /Users/runner/work/doomcon/doomcon/stillme/ios/build/Build/Intermediates.noindex/StillMe.build/Debug-iphonesimulator/StillMe.build/DerivedSources/GeneratedAssetSymbols.swift (in target 'StillMe' from project 'StillMe')
    cd /Users/runner/work/doomcon/doomcon/stillme/ios
    

SwiftDriverJobDiscovery normal arm64 Emitting module for StillMe (in target 'StillMe' from project 'StillMe')

SwiftDriver\ Compilation\ Requirements StillMe normal arm64 com.apple.xcode.tools.swift.compiler (in target 'StillMe' from project 'StillMe')
    cd /Users/runner/work/doomcon/doomcon/stillme/ios
    builtin-Swift-Compilation-Requirements -- /Applications/Xcode_26.6.app/Contents/Developer/Toolchains/XcodeDefault.xctoolchain/usr/bin/swiftc -module-name StillMe -Onone @/Users/runner/work/doomcon/doomcon/stillme/ios/build/Build/Intermediates.noindex/StillMe.build/Debug-iphonesimulator/StillMe.build/Objects-normal/arm64/StillMe.SwiftFileList -DDEBUG -enable-bare-slash-regex -enable-experimental-feature DebugDescriptionMacro -sdk /Applications/Xcode_26.6.app/Contents/Developer/Platforms/iPhoneSimulator.platform/Developer/SDKs/iPhoneSimulator26.5.sdk -target arm64-apple-ios26.0-simulator -g -module-cache-path /Users/runner/work/doomcon/doomcon/stillme/ios/build/ModuleCache.noindex -Xfrontend -serialize-debugging-options -enable-testing -index-store-path /Users/runner/work/doomcon/doomcon/stillme/ios/build/Index.noindex/DataStore -Xcc -D_LIBCPP_HARDENING_MODE\=_LIBCPP_HARDENING_MODE_DEBUG -swift-version 5 -I /Users/runner/work/doomcon/doomcon/stillme/ios/build/Build/Products/Debug-iphonesimulator -F /Users/runner/work/doomcon/doomcon/stillme/ios/build/Build/Products/Debug-iphonesimulator -c -j3 -enable-batch-mode -incremental -Xcc -ivfsstatcache -Xcc /Users/runner/work/doomcon/doomcon/stillme/ios/build/SDKStatCaches.noindex/iphonesimulator26.5-23F81a-688ef53f1462e2c8f657fdc38a81448ff45c64a1807a658693f2a61704f17a36.sdkstatcache -output-file-map /Users/runner/work/doomcon/doomcon/stillme/ios/build/Build/Intermediates.noindex/StillMe.build/Debug-iphonesimulator/StillMe.build/Objects-normal/arm64/StillMe-OutputFileMap.json -use-frontend-parseable-output -save-temps -no-color-diagnostics -explicit-module-build -module-cache-path /Users/runner/work/doomcon/doomcon/stillme/ios/build/Build/Intermediates.noindex/SwiftExplicitPrecompiledModules -clang-scanner-module-cache-path /Users/runner/work/doomcon/doomcon/stillme/ios/build/ModuleCache.noindex -sdk-module-cache-path /Users/runner/work/doomcon/doomcon/stillme/ios/build/ModuleCache.noindex -serialize-diagnostics -emit-dependencies -emit-module -emit-module-path /Users/runner/work/doomcon/doomcon/stillme/ios/build/Build/Intermediates.noindex/StillMe.build/Debug-iphonesimulator/StillMe.build/Objects-normal/arm64/StillMe.swiftmodule -validate-clang-modules-once -clang-build-session-file /Users/runner/work/doomcon/doomcon/stillme/ios/build/ModuleCache.noindex/Session.modulevalidation -Xcc -I/Users/runner/work/doomcon/doomcon/stillme/ios/build/Build/Intermediates.noindex/StillMe.build/Debug-iphonesimulator/StillMe.build/swift-overrides.hmap -emit-const-values -Xfrontend -const-gather-protocols-file -Xfrontend /Users/runner/work/doomcon/doomcon/stillme/ios/build/Build/Intermediates.noindex/StillMe.build/Debug-iphonesimulator/StillMe.build/Objects-normal/arm64/StillMe_const_extract_protocols.json -Xcc -iquote -Xcc /Users/runner/work/doomcon/doomcon/stillme/ios/build/Build/Intermediates.noindex/StillMe.build/Debug-iphonesimulator/StillMe.build/StillMe-generated-files.hmap -Xcc -I/Users/runner/work/doomcon/doomcon/stillme/ios/build/Build/Intermediates.noindex/StillMe.build/Debug-iphonesimulator/StillMe.build/StillMe-own-target-headers.hmap -Xcc -I/Users/runner/work/doomcon/doomcon/stillme/ios/build/Build/Intermediates.noindex/StillMe.build/Debug-iphonesimulator/StillMe.build/StillMe-all-target-headers.hmap -Xcc -iquote -Xcc /Users/runner/work/doomcon/doomcon/stillme/ios/build/Build/Intermediates.noindex/StillMe.build/Debug-iphonesimulator/StillMe.build/StillMe-project-headers.hmap -Xcc -I/Users/runner/work/doomcon/doomcon/stillme/ios/build/Build/Products/Debug-iphonesimulator/include -Xcc -I/Users/runner/work/doomcon/doomcon/stillme/ios/build/Build/Intermediates.noindex/StillMe.build/Debug-iphonesimulator/StillMe.build/DerivedSources-normal/arm64 -Xcc -I/Users/runner/work/doomcon/doomcon/stillme/ios/build/Build/Intermediates.noindex/StillMe.build/Debug-iphonesimulator/StillMe.build/DerivedSources/arm64 -Xcc -I/Users/runner/work/doomcon/doomcon/stillme/ios/build/Build/Intermediates.noindex/StillMe.build/Debug-iphonesimulator/StillMe.build/DerivedSources -Xcc -DDEBUG\=1 -emit-objc-header -emit-objc-header-path /Users/runner/work/doomcon/doomcon/stillme/ios/build/Build/Intermediates.noindex/StillMe.build/Debug-iphonesimulator/StillMe.build/Objects-normal/arm64/StillMe-Swift.h -working-directory /Users/runner/work/doomcon/doomcon/stillme/ios -experimental-emit-module-separately -disable-cmo

SwiftDriverJobDiscovery normal arm64 Compiling LegacyView.swift, LifeViews.swift, MemoriesView.swift, MemoryEditor.swift, PersonaEngine.swift, RecipientViews.swift, RehearseView.swift (in target 'StillMe' from project 'StillMe')

SwiftDriverJobDiscovery normal arm64 Compiling Reminders.swift, SpeechRecorder.swift, StillMeApp.swift, Theme.swift, WelcomeView.swift, YouView.swift, GeneratedAssetSymbols.swift (in target 'StillMe' from project 'StillMe')

SwiftMergeGeneratedHeaders /Users/runner/work/doomcon/doomcon/stillme/ios/build/Build/Intermediates.noindex/StillMe.build/Debug-iphonesimulator/StillMe.build/DerivedSources/StillMe-Swift.h /Users/runner/work/doomcon/doomcon/stillme/ios/build/Build/Intermediates.noindex/StillMe.build/Debug-iphonesimulator/StillMe.build/Objects-normal/arm64/StillMe-Swift.h (in target 'StillMe' from project 'StillMe')
    cd /Users/runner/work/doomcon/doomcon/stillme/ios
    builtin-swiftHeaderTool -arch arm64 /Users/runner/work/doomcon/doomcon/stillme/ios/build/Build/Intermediates.noindex/StillMe.build/Debug-iphonesimulator/StillMe.build/Objects-normal/arm64/StillMe-Swift.h -o /Users/runner/work/doomcon/doomcon/stillme/ios/build/Build/Intermediates.noindex/StillMe.build/Debug-iphonesimulator/StillMe.build/DerivedSources/StillMe-Swift.h

Copy /Users/runner/work/doomcon/doomcon/stillme/ios/build/Build/Products/Debug-iphonesimulator/StillMe.swiftmodule/arm64-apple-ios-simulator.swiftmodule /Users/runner/work/doomcon/doomcon/stillme/ios/build/Build/Intermediates.noindex/StillMe.build/Debug-iphonesimulator/StillMe.build/Objects-normal/arm64/StillMe.swiftmodule (in target 'StillMe' from project 'StillMe')
    cd /Users/runner/work/doomcon/doomcon/stillme/ios
    builtin-copy -exclude .DS_Store -exclude CVS -exclude .svn -exclude .git -exclude .hg -resolve-src-symlinks -rename /Users/runner/work/doomcon/doomcon/stillme/ios/build/Build/Intermediates.noindex/StillMe.build/Debug-iphonesimulator/StillMe.build/Objects-normal/arm64/StillMe.swiftmodule /Users/runner/work/doomcon/doomcon/stillme/ios/build/Build/Products/Debug-iphonesimulator/StillMe.swiftmodule/arm64-apple-ios-simulator.swiftmodule

Copy /Users/runner/work/doomcon/doomcon/stillme/ios/build/Build/Products/Debug-iphonesimulator/StillMe.swiftmodule/arm64-apple-ios-simulator.swiftdoc /Users/runner/work/doomcon/doomcon/stillme/ios/build/Build/Intermediates.noindex/StillMe.build/Debug-iphonesimulator/StillMe.build/Objects-normal/arm64/StillMe.swiftdoc (in target 'StillMe' from project 'StillMe')
    cd /Users/runner/work/doomcon/doomcon/stillme/ios
    builtin-copy -exclude .DS_Store -exclude CVS -exclude .svn -exclude .git -exclude .hg -resolve-src-symlinks -rename /Users/runner/work/doomcon/doomcon/stillme/ios/build/Build/Intermediates.noindex/StillMe.build/Debug-iphonesimulator/StillMe.build/Objects-normal/arm64/StillMe.swiftdoc /Users/runner/work/doomcon/doomcon/stillme/ios/build/Build/Products/Debug-iphonesimulator/StillMe.swiftmodule/arm64-apple-ios-simulator.swiftdoc

Copy /Users/runner/work/doomcon/doomcon/stillme/ios/build/Build/Products/Debug-iphonesimulator/StillMe.swiftmodule/arm64-apple-ios-simulator.abi.json /Users/runner/work/doomcon/doomcon/stillme/ios/build/Build/Intermediates.noindex/StillMe.build/Debug-iphonesimulator/StillMe.build/Objects-normal/arm64/StillMe.abi.json (in target 'StillMe' from project 'StillMe')
    cd /Users/runner/work/doomcon/doomcon/stillme/ios
    builtin-copy -exclude .DS_Store -exclude CVS -exclude .svn -exclude .git -exclude .hg -resolve-src-symlinks -rename /Users/runner/work/doomcon/doomcon/stillme/ios/build/Build/Intermediates.noindex/StillMe.build/Debug-iphonesimulator/StillMe.build/Objects-normal/arm64/StillMe.abi.json /Users/runner/work/doomcon/doomcon/stillme/ios/build/Build/Products/Debug-iphonesimulator/StillMe.swiftmodule/arm64-apple-ios-simulator.abi.json

SwiftDriverJobDiscovery normal arm64 Compiling Archive.swift, ArchiveStore.swift, ChatView.swift, DemoData.swift, Depth.swift, InterviewPrompts.swift, InterviewView.swift, LegacySeal.swift (in target 'StillMe' from project 'StillMe')

Copy /Users/runner/work/doomcon/doomcon/stillme/ios/build/Build/Products/Debug-iphonesimulator/StillMe.swiftmodule/Project/arm64-apple-ios-simulator.swiftsourceinfo /Users/runner/work/doomcon/doomcon/stillme/ios/build/Build/Intermediates.noindex/StillMe.build/Debug-iphonesimulator/StillMe.build/Objects-normal/arm64/StillMe.swiftsourceinfo (in target 'StillMe' from project 'StillMe')
    cd /Users/runner/work/doomcon/doomcon/stillme/ios
    builtin-copy -exclude .DS_Store -exclude CVS -exclude .svn -exclude .git -exclude .hg -resolve-src-symlinks -rename /Users/runner/work/doomcon/doomcon/stillme/ios/build/Build/Intermediates.noindex/StillMe.build/Debug-iphonesimulator/StillMe.build/Objects-normal/arm64/StillMe.swiftsourceinfo /Users/runner/work/doomcon/doomcon/stillme/ios/build/Build/Products/Debug-iphonesimulator/StillMe.swiftmodule/Project/arm64-apple-ios-simulator.swiftsourceinfo

SwiftDriver\ Compilation StillMe normal arm64 com.apple.xcode.tools.swift.compiler (in target 'StillMe' from project 'StillMe')
    cd /Users/runner/work/doomcon/doomcon/stillme/ios
    builtin-Swift-Compilation -- /Applications/Xcode_26.6.app/Contents/Developer/Toolchains/XcodeDefault.xctoolchain/usr/bin/swiftc -module-name StillMe -Onone @/Users/runner/work/doomcon/doomcon/stillme/ios/build/Build/Intermediates.noindex/StillMe.build/Debug-iphonesimulator/StillMe.build/Objects-normal/arm64/StillMe.SwiftFileList -DDEBUG -enable-bare-slash-regex -enable-experimental-feature DebugDescriptionMacro -sdk /Applications/Xcode_26.6.app/Contents/Developer/Platforms/iPhoneSimulator.platform/Developer/SDKs/iPhoneSimulator26.5.sdk -target arm64-apple-ios26.0-simulator -g -module-cache-path /Users/runner/work/doomcon/doomcon/stillme/ios/build/ModuleCache.noindex -Xfrontend -serialize-debugging-options -enable-testing -index-store-path /Users/runner/work/doomcon/doomcon/stillme/ios/build/Index.noindex/DataStore -Xcc -D_LIBCPP_HARDENING_MODE\=_LIBCPP_HARDENING_MODE_DEBUG -swift-version 5 -I /Users/runner/work/doomcon/doomcon/stillme/ios/build/Build/Products/Debug-iphonesimulator -F /Users/runner/work/doomcon/doomcon/stillme/ios/build/Build/Products/Debug-iphonesimulator -c -j3 -enable-batch-mode -incremental -Xcc -ivfsstatcache -Xcc /Users/runner/work/doomcon/doomcon/stillme/ios/build/SDKStatCaches.noindex/iphonesimulator26.5-23F81a-688ef53f1462e2c8f657fdc38a81448ff45c64a1807a658693f2a61704f17a36.sdkstatcache -output-file-map /Users/runner/work/doomcon/doomcon/stillme/ios/build/Build/Intermediates.noindex/StillMe.build/Debug-iphonesimulator/StillMe.build/Objects-normal/arm64/StillMe-OutputFileMap.json -use-frontend-parseable-output -save-temps -no-color-diagnostics -explicit-module-build -module-cache-path /Users/runner/work/doomcon/doomcon/stillme/ios/build/Build/Intermediates.noindex/SwiftExplicitPrecompiledModules -clang-scanner-module-cache-path /Users/runner/work/doomcon/doomcon/stillme/ios/build/ModuleCache.noindex -sdk-module-cache-path /Users/runner/work/doomcon/doomcon/stillme/ios/build/ModuleCache.noindex -serialize-diagnostics -emit-dependencies -emit-module -emit-module-path /Users/runner/work/doomcon/doomcon/stillme/ios/build/Build/Intermediates.noindex/StillMe.build/Debug-iphonesimulator/StillMe.build/Objects-normal/arm64/StillMe.swiftmodule -validate-clang-modules-once -clang-build-session-file /Users/runner/work/doomcon/doomcon/stillme/ios/build/ModuleCache.noindex/Session.modulevalidation -Xcc -I/Users/runner/work/doomcon/doomcon/stillme/ios/build/Build/Intermediates.noindex/StillMe.build/Debug-iphonesimulator/StillMe.build/swift-overrides.hmap -emit-const-values -Xfrontend -const-gather-protocols-file -Xfrontend /Users/runner/work/doomcon/doomcon/stillme/ios/build/Build/Intermediates.noindex/StillMe.build/Debug-iphonesimulator/StillMe.build/Objects-normal/arm64/StillMe_const_extract_protocols.json -Xcc -iquote -Xcc /Users/runner/work/doomcon/doomcon/stillme/ios/build/Build/Intermediates.noindex/StillMe.build/Debug-iphonesimulator/StillMe.build/StillMe-generated-files.hmap -Xcc -I/Users/runner/work/doomcon/doomcon/stillme/ios/build/Build/Intermediates.noindex/StillMe.build/Debug-iphonesimulator/StillMe.build/StillMe-own-target-headers.hmap -Xcc -I/Users/runner/work/doomcon/doomcon/stillme/ios/build/Build/Intermediates.noindex/StillMe.build/Debug-iphonesimulator/StillMe.build/StillMe-all-target-headers.hmap -Xcc -iquote -Xcc /Users/runner/work/doomcon/doomcon/stillme/ios/build/Build/Intermediates.noindex/StillMe.build/Debug-iphonesimulator/StillMe.build/StillMe-project-headers.hmap -Xcc -I/Users/runner/work/doomcon/doomcon/stillme/ios/build/Build/Products/Debug-iphonesimulator/include -Xcc -I/Users/runner/work/doomcon/doomcon/stillme/ios/build/Build/Intermediates.noindex/StillMe.build/Debug-iphonesimulator/StillMe.build/DerivedSources-normal/arm64 -Xcc -I/Users/runner/work/doomcon/doomcon/stillme/ios/build/Build/Intermediates.noindex/StillMe.build/Debug-iphonesimulator/StillMe.build/DerivedSources/arm64 -Xcc -I/Users/runner/work/doomcon/doomcon/stillme/ios/build/Build/Intermediates.noindex/StillMe.build/Debug-iphonesimulator/StillMe.build/DerivedSources -Xcc -DDEBUG\=1 -emit-objc-header -emit-objc-header-path /Users/runner/work/doomcon/doomcon/stillme/ios/build/Build/Intermediates.noindex/StillMe.build/Debug-iphonesimulator/StillMe.build/Objects-normal/arm64/StillMe-Swift.h -working-directory /Users/runner/work/doomcon/doomcon/stillme/ios -experimental-emit-module-separately -disable-cmo

Ld /Users/runner/work/doomcon/doomcon/stillme/ios/build/Build/Products/Debug-iphonesimulator/StillMe.app/StillMe.debug.dylib normal (in target 'StillMe' from project 'StillMe')
    cd /Users/runner/work/doomcon/doomcon/stillme/ios
    /Applications/Xcode_26.6.app/Contents/Developer/Toolchains/XcodeDefault.xctoolchain/usr/bin/clang -Xlinker -reproducible -target arm64-apple-ios26.0-simulator -dynamiclib -isysroot /Applications/Xcode_26.6.app/Contents/Developer/Platforms/iPhoneSimulator.platform/Developer/SDKs/iPhoneSimulator26.5.sdk -O0 -L/Users/runner/work/doomcon/doomcon/stillme/ios/build/Build/Intermediates.noindex/EagerLinkingTBDs/Debug-iphonesimulator -L/Users/runner/work/doomcon/doomcon/stillme/ios/build/Build/Products/Debug-iphonesimulator -F/Users/runner/work/doomcon/doomcon/stillme/ios/build/Build/Intermediates.noindex/EagerLinkingTBDs/Debug-iphonesimulator -F/Users/runner/work/doomcon/doomcon/stillme/ios/build/Build/Products/Debug-iphonesimulator -filelist /Users/runner/work/doomcon/doomcon/stillme/ios/build/Build/Intermediates.noindex/StillMe.build/Debug-iphonesimulator/StillMe.build/Objects-normal/arm64/StillMe.LinkFileList -install_name @rpath/StillMe.debug.dylib -Xlinker -rpath -Xlinker @executable_path/Frameworks -Xlinker -dead_strip -Xlinker -object_path_lto -Xlinker /Users/runner/work/doomcon/doomcon/stillme/ios/build/Build/Intermediates.noindex/StillMe.build/Debug-iphonesimulator/StillMe.build/Objects-normal/arm64/StillMe_lto.o -rdynamic -Xlinker -no_deduplicate -Xlinker -objc_abi_version -Xlinker 2 -Xlinker -dependency_info -Xlinker /Users/runner/work/doomcon/doomcon/stillme/ios/build/Build/Intermediates.noindex/StillMe.build/Debug-iphonesimulator/StillMe.build/Objects-normal/arm64/StillMe_dependency_info.dat -fobjc-link-runtime -L/Applications/Xcode_26.6.app/Contents/Developer/Toolchains/XcodeDefault.xctoolchain/usr/lib/swift/iphonesimulator -L/usr/lib/swift -Xlinker -add_ast_path -Xlinker /Users/runner/work/doomcon/doomcon/stillme/ios/build/Build/Intermediates.noindex/StillMe.build/Debug-iphonesimulator/StillMe.build/Objects-normal/arm64/StillMe.swiftmodule @/Users/runner/work/doomcon/doomcon/stillme/ios/build/Build/Intermediates.noindex/StillMe.build/Debug-iphonesimulator/StillMe.build/Objects-normal/arm64/StillMe-linker-args.resp -Xlinker -alias -Xlinker _main -Xlinker ___debug_main_executable_dylib_entry_point -o /Users/runner/work/doomcon/doomcon/stillme/ios/build/Build/Products/Debug-iphonesimulator/StillMe.app/StillMe.debug.dylib

ConstructStubExecutorLinkFileList /Users/runner/work/doomcon/doomcon/stillme/ios/build/Build/Intermediates.noindex/StillMe.build/Debug-iphonesimulator/StillMe.build/StillMe-ExecutorLinkFileList-normal-arm64.txt (in target 'StillMe' from project 'StillMe')
    cd /Users/runner/work/doomcon/doomcon/stillme/ios
    construct-stub-executor-link-file-list /Users/runner/work/doomcon/doomcon/stillme/ios/build/Build/Products/Debug-iphonesimulator/StillMe.app/StillMe.debug.dylib /Applications/Xcode_26.6.app/Contents/Developer/Platforms/iPhoneSimulator.platform/Developer/usr/lib/libPreviewsJITStubExecutor_no_swift_entry_point.a /Applications/Xcode_26.6.app/Contents/Developer/Platforms/iPhoneSimulator.platform/Developer/usr/lib/libPreviewsJITStubExecutor.a --output /Users/runner/work/doomcon/doomcon/stillme/ios/build/Build/Intermediates.noindex/StillMe.build/Debug-iphonesimulator/StillMe.build/StillMe-ExecutorLinkFileList-normal-arm64.txt
note: Using stub executor library with Swift entry point. (in target 'StillMe' from project 'StillMe')

Ld /Users/runner/work/doomcon/doomcon/stillme/ios/build/Build/Products/Debug-iphonesimulator/StillMe.app/StillMe normal (in target 'StillMe' from project 'StillMe')
    cd /Users/runner/work/doomcon/doomcon/stillme/ios
    /Applications/Xcode_26.6.app/Contents/Developer/Toolchains/XcodeDefault.xctoolchain/usr/bin/clang -Xlinker -reproducible -target arm64-apple-ios26.0-simulator -isysroot /Applications/Xcode_26.6.app/Contents/Developer/Platforms/iPhoneSimulator.platform/Developer/SDKs/iPhoneSimulator26.5.sdk -O0 -L/Users/runner/work/doomcon/doomcon/stillme/ios/build/Build/Products/Debug-iphonesimulator -F/Users/runner/work/doomcon/doomcon/stillme/ios/build/Build/Products/Debug-iphonesimulator -Xlinker -rpath -Xlinker @executable_path -Xlinker -rpath -Xlinker @executable_path/Frameworks -rdynamic -Xlinker -no_deduplicate -Xlinker -objc_abi_version -Xlinker 2 -e ___debug_blank_executor_main -Xlinker -sectcreate -Xlinker __TEXT -Xlinker __debug_dylib -Xlinker /Users/runner/work/doomcon/doomcon/stillme/ios/build/Build/Intermediates.noindex/StillMe.build/Debug-iphonesimulator/StillMe.build/StillMe-DebugDylibPath-normal-arm64.txt -Xlinker -sectcreate -Xlinker __TEXT -Xlinker __debug_instlnm -Xlinker /Users/runner/work/doomcon/doomcon/stillme/ios/build/Build/Intermediates.noindex/StillMe.build/Debug-iphonesimulator/StillMe.build/StillMe-DebugDylibInstallName-normal-arm64.txt -Xlinker -filelist -Xlinker /Users/runner/work/doomcon/doomcon/stillme/ios/build/Build/Intermediates.noindex/StillMe.build/Debug-iphonesimulator/StillMe.build/StillMe-ExecutorLinkFileList-normal-arm64.txt /Users/runner/work/doomcon/doomcon/stillme/ios/build/Build/Products/Debug-iphonesimulator/StillMe.app/StillMe.debug.dylib -o /Users/runner/work/doomcon/doomcon/stillme/ios/build/Build/Products/Debug-iphonesimulator/StillMe.app/StillMe

CopySwiftLibs /Users/runner/work/doomcon/doomcon/stillme/ios/build/Build/Products/Debug-iphonesimulator/StillMe.app (in target 'StillMe' from project 'StillMe')
    cd /Users/runner/work/doomcon/doomcon/stillme/ios
    builtin-swiftStdLibTool --copy --verbose --scan-executable /Users/runner/work/doomcon/doomcon/stillme/ios/build/Build/Products/Debug-iphonesimulator/StillMe.app/StillMe.debug.dylib --scan-folder /Users/runner/work/doomcon/doomcon/stillme/ios/build/Build/Products/Debug-iphonesimulator/StillMe.app/Frameworks --scan-folder /Users/runner/work/doomcon/doomcon/stillme/ios/build/Build/Products/Debug-iphonesimulator/StillMe.app/PlugIns --scan-folder /Users/runner/work/doomcon/doomcon/stillme/ios/build/Build/Products/Debug-iphonesimulator/StillMe.app/SystemExtensions --scan-folder /Users/runner/work/doomcon/doomcon/stillme/ios/build/Build/Products/Debug-iphonesimulator/StillMe.app/Extensions --platform iphonesimulator --toolchain /var/run/com.apple.security.cryptexd/mnt/com.apple.MobileAsset.MetalToolchain-v17.6.109.0.f7SxGp/Metal.xctoolchain --toolchain /Applications/Xcode_26.6.app/Contents/Developer/Toolchains/XcodeDefault.xctoolchain --destination /Users/runner/work/doomcon/doomcon/stillme/ios/build/Build/Products/Debug-iphonesimulator/StillMe.app/Frameworks --strip-bitcode --strip-bitcode-tool /Applications/Xcode_26.6.app/Contents/Developer/Toolchains/XcodeDefault.xctoolchain/usr/bin/bitcode_strip --emit-dependency-info /Users/runner/work/doomcon/doomcon/stillme/ios/build/Build/Intermediates.noindex/StillMe.build/Debug-iphonesimulator/StillMe.build/SwiftStdLibToolInputDependencies.dep --filter-for-swift-os
Ignoring --strip-bitcode because --sign was not passed

ExtractAppIntentsMetadata (in target 'StillMe' from project 'StillMe')
    cd /Users/runner/work/doomcon/doomcon/stillme/ios
    /Applications/Xcode_26.6.app/Contents/Developer/Toolchains/XcodeDefault.xctoolchain/usr/bin/appintentsmetadataprocessor --toolchain-dir /var/run/com.apple.security.cryptexd/mnt/com.apple.MobileAsset.MetalToolchain-v17.6.109.0.f7SxGp/Metal.xctoolchain --module-name StillMe --sdk-root /Applications/Xcode_26.6.app/Contents/Developer/Platforms/iPhoneSimulator.platform/Developer/SDKs/iPhoneSimulator26.5.sdk --xcode-version 17F113 --platform-family iOS --deployment-target 26.0 --bundle-identifier com.messagegabrielhere.stillme --output /Users/runner/work/doomcon/doomcon/stillme/ios/build/Build/Products/Debug-iphonesimulator/StillMe.app --target-triple arm64-apple-ios26.0-simulator --binary-file /Users/runner/work/doomcon/doomcon/stillme/ios/build/Build/Products/Debug-iphonesimulator/StillMe.app/StillMe --dependency-file /Users/runner/work/doomcon/doomcon/stillme/ios/build/Build/Intermediates.noindex/StillMe.build/Debug-iphonesimulator/StillMe.build/Objects-normal/arm64/StillMe_dependency_info.dat --stringsdata-file /Users/runner/work/doomcon/doomcon/stillme/ios/build/Build/Intermediates.noindex/StillMe.build/Debug-iphonesimulator/StillMe.build/Objects-normal/arm64/ExtractedAppShortcutsMetadata.stringsdata --source-file-list /Users/runner/work/doomcon/doomcon/stillme/ios/build/Build/Intermediates.noindex/StillMe.build/Debug-iphonesimulator/StillMe.build/Objects-normal/arm64/StillMe.SwiftFileList --metadata-file-list /Users/runner/work/doomcon/doomcon/stillme/ios/build/Build/Intermediates.noindex/StillMe.build/Debug-iphonesimulator/StillMe.build/StillMe.DependencyMetadataFileList --static-metadata-file-list /Users/runner/work/doomcon/doomcon/stillme/ios/build/Build/Intermediates.noindex/StillMe.build/Debug-iphonesimulator/StillMe.build/StillMe.DependencyStaticMetadataFileList --swift-const-vals-list /Users/runner/work/doomcon/doomcon/stillme/ios/build/Build/Intermediates.noindex/StillMe.build/Debug-iphonesimulator/StillMe.build/Objects-normal/arm64/StillMe.SwiftConstValuesFileList --compile-time-extraction --deployment-aware-processing --validate-assistant-intents --no-app-shortcuts-localization
2026-10-10 04:02:48.595 appintentsmetadataprocessor[9769:31099] Starting appintentsmetadataprocessor export
2026-10-10 04:02:48.626 appintentsmetadataprocessor[9769:31099] warning: Metadata extraction skipped. No AppIntents.framework dependency found.

AppIntentsSSUTraining (in target 'StillMe' from project 'StillMe')
    cd /Users/runner/work/doomcon/doomcon/stillme/ios
    /Applications/Xcode_26.6.app/Contents/Developer/Toolchains/XcodeDefault.xctoolchain/usr/bin/appintentsnltrainingprocessor --infoplist-path /Users/runner/work/doomcon/doomcon/stillme/ios/build/Build/Products/Debug-iphonesimulator/StillMe.app/Info.plist --temp-dir-path /Users/runner/work/doomcon/doomcon/stillme/ios/build/Build/Intermediates.noindex/StillMe.build/Debug-iphonesimulator/StillMe.build/ssu --bundle-id com.messagegabrielhere.stillme --product-path /Users/runner/work/doomcon/doomcon/stillme/ios/build/Build/Products/Debug-iphonesimulator/StillMe.app --extracted-metadata-path /Users/runner/work/doomcon/doomcon/stillme/ios/build/Build/Products/Debug-iphonesimulator/StillMe.app/Metadata.appintents --metadata-file-list /Users/runner/work/doomcon/doomcon/stillme/ios/build/Build/Intermediates.noindex/StillMe.build/Debug-iphonesimulator/StillMe.build/StillMe.DependencyMetadataFileList --source-file /Users/runner/work/doomcon/doomcon/stillme/ios/build/Build/Products/Debug-iphonesimulator/StillMe.app/Info.plist --archive-ssu-assets
2026-10-10 04:02:48.681 appintentsnltrainingprocessor[9770:31105] Parsing options for appintentsnltrainingprocessor
2026-10-10 04:02:48.682 appintentsnltrainingprocessor[9770:31105] Starting AppIntents SSU YAML Generation
2026-10-10 04:02:48.689 appintentsnltrainingprocessor[9770:31105] No AppShortcuts found - Skipping.

RegisterExecutionPolicyException /Users/runner/work/doomcon/doomcon/stillme/ios/build/Build/Products/Debug-iphonesimulator/StillMe.app (in target 'StillMe' from project 'StillMe')
    cd /Users/runner/work/doomcon/doomcon/stillme/ios
    builtin-RegisterExecutionPolicyException /Users/runner/work/doomcon/doomcon/stillme/ios/build/Build/Products/Debug-iphonesimulator/StillMe.app

Validate /Users/runner/work/doomcon/doomcon/stillme/ios/build/Build/Products/Debug-iphonesimulator/StillMe.app (in target 'StillMe' from project 'StillMe')
    cd /Users/runner/work/doomcon/doomcon/stillme/ios
    builtin-validationUtility /Users/runner/work/doomcon/doomcon/stillme/ios/build/Build/Products/Debug-iphonesimulator/StillMe.app -shallow-bundle -infoplist-subpath Info.plist

Touch /Users/runner/work/doomcon/doomcon/stillme/ios/build/Build/Products/Debug-iphonesimulator/StillMe.app (in target 'StillMe' from project 'StillMe')
    cd /Users/runner/work/doomcon/doomcon/stillme/ios
    /usr/bin/touch -c /Users/runner/work/doomcon/doomcon/stillme/ios/build/Build/Products/Debug-iphonesimulator/StillMe.app

** BUILD SUCCEEDED **

